// Jest Snapshot v1, https://goo.gl/fbAQLP

exports[`RewardTable test cases snapshot test for RewardTable 1`] = `
<DocumentFragment>
  <div
    class="spinner-border"
    data-testid="spinner"
  />
</DocumentFragment>
`;
